{"timestamp":"2025-08-26T18:58:53.780Z","level":"INFO","message":"Company context setup completed","departments":8,"terminology":9,"escalationContacts":4}
{"timestamp":"2025-08-26T18:58:53.781Z","level":"INFO","message":"Webhook handlers setup completed"}
{"timestamp":"2025-08-26T18:58:53.781Z","level":"INFO","message":"Sync schedules started"}
{"timestamp":"2025-08-26T18:58:53.781Z","level":"INFO","message":"Knowledge processing services initialized successfully"}
{"timestamp":"2025-08-26T18:58:54.359Z","level":"INFO","message":"🔧 Initializing Real Roofing Damage Analysis AI..."}
{"timestamp":"2025-08-26T18:58:54.427Z","level":"INFO","message":"🎬 Initializing Video Generation Service..."}
{"timestamp":"2025-08-26T18:58:54.427Z","level":"INFO","message":"📋 Loaded 4 video templates"}
{"timestamp":"2025-08-26T18:58:54.428Z","level":"INFO","message":"AnythingLLM Service initialized","baseUrl":"http://localhost:3001","workspace":"susan-ai","autoSync":false}
{"timestamp":"2025-08-26T18:58:54.428Z","level":"INFO","message":"AnythingLLM API services initialized successfully"}
{"timestamp":"2025-08-26T18:58:54.430Z","level":"INFO","message":"🎥 FFmpeg initialized successfully"}
{"timestamp":"2025-08-26T18:58:54.430Z","level":"DEBUG","message":"AnythingLLM Request","method":"GET","url":"/api/workspace/susan-ai"}
{"timestamp":"2025-08-26T18:58:54.458Z","level":"INFO","message":"🔤 Fonts registered for video generation"}
{"timestamp":"2025-08-26T18:58:54.467Z","level":"INFO","message":"✅ Video Generation Service initialized successfully"}
{"timestamp":"2025-08-26T18:58:54.480Z","level":"INFO","message":"AnythingLLM Service initialized","baseUrl":"http://localhost:3001","workspace":"roofer21","autoSync":true}
{"timestamp":"2025-08-26T18:58:54.481Z","level":"DEBUG","message":"AnythingLLM Request","method":"GET","url":"/api/workspace/roofer21"}
{"timestamp":"2025-08-26T18:58:54.487Z","level":"DEBUG","message":"AnythingLLM Request","method":"GET","url":"/api/workspaces"}
{"timestamp":"2025-08-26T18:58:54.505Z","level":"INFO","message":"Loaded existing vector memory","entriesLoaded":0}
{"timestamp":"2025-08-26T18:58:54.506Z","level":"INFO","message":"Existing knowledge loaded","documentsLoaded":0,"topicClusters":0,"terminology":9}
{"timestamp":"2025-08-26T18:58:54.506Z","level":"INFO","message":"Loaded existing RBAC data","roles":0,"permissions":0}
{"timestamp":"2025-08-26T18:58:54.506Z","level":"INFO","message":"Loaded existing RBAC data","roles":0,"permissions":0}
{"timestamp":"2025-08-26T18:58:54.506Z","level":"INFO","message":"Loaded existing RBAC data","roles":0,"permissions":0}
{"timestamp":"2025-08-26T18:58:54.508Z","level":"INFO","message":"Plugin system initialized","pluginsLoaded":0,"sandboxDirectory":"/Users/a21/Desktop/Susan-AI-Enhanced-JARVIS-Edition-Final/sandboxes"}
{"timestamp":"2025-08-26T18:58:54.508Z","level":"INFO","message":"Spanish language pack initialized successfully"}
{"timestamp":"2025-08-26T18:58:54.511Z","level":"INFO","message":"Quality monitoring started"}
{"timestamp":"2025-08-26T18:58:54.511Z","level":"INFO","message":"Employee profiles loaded","profilesLoaded":0}
{"timestamp":"2025-08-26T18:58:54.511Z","level":"INFO","message":"Historical quality data loaded"}
{"timestamp":"2025-08-26T18:58:54.511Z","level":"WARN","message":"Google Translate API key not configured. Translation features will use fallback methods."}
{"timestamp":"2025-08-26T18:58:54.511Z","level":"INFO","message":"Loading language data for: es"}
{"timestamp":"2025-08-26T18:58:54.511Z","level":"INFO","message":"MultiLanguageService initialized successfully"}
{"timestamp":"2025-08-26T18:58:54.599Z","level":"INFO","message":"Voice commands initialized for multiple languages"}
{"timestamp":"2025-08-26T18:58:54.601Z","level":"DEBUG","message":"AnythingLLM Response","status":200,"url":"/api/workspaces"}
{"timestamp":"2025-08-26T18:58:54.601Z","level":"INFO","message":"AnythingLLM connection successful","workspaceCount":3}
{"timestamp":"2025-08-26T18:58:54.601Z","level":"INFO","message":"Auto sync started","interval":300000}
{"timestamp":"2025-08-26T18:58:54.602Z","level":"DEBUG","message":"AnythingLLM Response","status":200,"url":"/api/workspace/susan-ai"}
{"timestamp":"2025-08-26T18:58:54.602Z","level":"INFO","message":"Workspace 'susan-ai' initialized"}
{"timestamp":"2025-08-26T18:58:54.602Z","level":"DEBUG","message":"AnythingLLM Response","status":200,"url":"/api/workspace/roofer21"}
{"timestamp":"2025-08-26T18:58:54.602Z","level":"INFO","message":"Workspace 'roofer21' initialized"}
{"timestamp":"2025-08-26T18:58:54.616Z","level":"INFO","message":"Cultural adaptations initialized"}
{"timestamp":"2025-08-26T18:58:54.618Z","level":"INFO","message":"Integration services initialized successfully"}
{"timestamp":"2025-08-26T18:58:54.663Z","level":"ERROR","message":"❌ Failed to initialize Real Roofing Damage Analysis:"}
{"timestamp":"2025-08-26T18:59:59.893Z","level":"INFO","message":"Company context setup completed","departments":8,"terminology":9,"escalationContacts":4}
{"timestamp":"2025-08-26T18:59:59.894Z","level":"INFO","message":"Webhook handlers setup completed"}
{"timestamp":"2025-08-26T18:59:59.894Z","level":"INFO","message":"Sync schedules started"}
{"timestamp":"2025-08-26T18:59:59.894Z","level":"INFO","message":"Knowledge processing services initialized successfully"}
{"timestamp":"2025-08-26T19:00:00.032Z","level":"INFO","message":"🔧 Initializing Real Roofing Damage Analysis AI..."}
{"timestamp":"2025-08-26T19:00:00.062Z","level":"INFO","message":"🎬 Initializing Video Generation Service..."}
{"timestamp":"2025-08-26T19:00:00.062Z","level":"INFO","message":"📋 Loaded 4 video templates"}
{"timestamp":"2025-08-26T19:00:00.063Z","level":"INFO","message":"AnythingLLM Service initialized","baseUrl":"http://localhost:3001","workspace":"susan-ai","autoSync":false}
{"timestamp":"2025-08-26T19:00:00.063Z","level":"INFO","message":"AnythingLLM API services initialized successfully"}
{"timestamp":"2025-08-26T19:00:00.065Z","level":"INFO","message":"🎥 FFmpeg initialized successfully"}
{"timestamp":"2025-08-26T19:00:00.065Z","level":"DEBUG","message":"AnythingLLM Request","method":"GET","url":"/api/workspace/susan-ai"}
{"timestamp":"2025-08-26T19:00:00.093Z","level":"INFO","message":"🔤 Fonts registered for video generation"}
{"timestamp":"2025-08-26T19:00:00.100Z","level":"INFO","message":"✅ Video Generation Service initialized successfully"}
{"timestamp":"2025-08-26T19:00:00.114Z","level":"INFO","message":"AnythingLLM Service initialized","baseUrl":"http://localhost:3001","workspace":"roofer21","autoSync":true}
{"timestamp":"2025-08-26T19:00:00.115Z","level":"DEBUG","message":"AnythingLLM Request","method":"GET","url":"/api/workspace/roofer21"}
{"timestamp":"2025-08-26T19:00:00.121Z","level":"DEBUG","message":"AnythingLLM Request","method":"GET","url":"/api/workspaces"}
{"timestamp":"2025-08-26T19:00:00.140Z","level":"INFO","message":"Loaded existing vector memory","entriesLoaded":0}
{"timestamp":"2025-08-26T19:00:00.141Z","level":"INFO","message":"Existing knowledge loaded","documentsLoaded":0,"topicClusters":0,"terminology":9}
{"timestamp":"2025-08-26T19:00:00.142Z","level":"INFO","message":"Loaded existing RBAC data","roles":0,"permissions":0}
{"timestamp":"2025-08-26T19:00:00.142Z","level":"INFO","message":"Loaded existing RBAC data","roles":0,"permissions":0}
{"timestamp":"2025-08-26T19:00:00.142Z","level":"INFO","message":"Loaded existing RBAC data","roles":0,"permissions":0}
{"timestamp":"2025-08-26T19:00:00.143Z","level":"INFO","message":"Plugin system initialized","pluginsLoaded":0,"sandboxDirectory":"/Users/a21/Desktop/Susan-AI-Enhanced-JARVIS-Edition-Final/sandboxes"}
{"timestamp":"2025-08-26T19:00:00.143Z","level":"INFO","message":"Spanish language pack initialized successfully"}
{"timestamp":"2025-08-26T19:00:00.147Z","level":"DEBUG","message":"AnythingLLM Response","status":200,"url":"/api/workspace/susan-ai"}
{"timestamp":"2025-08-26T19:00:00.147Z","level":"INFO","message":"Workspace 'susan-ai' initialized"}
{"timestamp":"2025-08-26T19:00:00.147Z","level":"INFO","message":"Employee profiles loaded","profilesLoaded":0}
{"timestamp":"2025-08-26T19:00:00.148Z","level":"DEBUG","message":"AnythingLLM Response","status":200,"url":"/api/workspaces"}
{"timestamp":"2025-08-26T19:00:00.148Z","level":"INFO","message":"AnythingLLM connection successful","workspaceCount":3}
{"timestamp":"2025-08-26T19:00:00.148Z","level":"INFO","message":"Auto sync started","interval":300000}
{"timestamp":"2025-08-26T19:00:00.148Z","level":"INFO","message":"Quality monitoring started"}
{"timestamp":"2025-08-26T19:00:00.149Z","level":"INFO","message":"Historical quality data loaded"}
{"timestamp":"2025-08-26T19:00:00.149Z","level":"WARN","message":"Google Translate API key not configured. Translation features will use fallback methods."}
{"timestamp":"2025-08-26T19:00:00.150Z","level":"INFO","message":"Loading language data for: es"}
{"timestamp":"2025-08-26T19:00:00.150Z","level":"INFO","message":"MultiLanguageService initialized successfully"}
{"timestamp":"2025-08-26T19:00:00.240Z","level":"DEBUG","message":"AnythingLLM Response","status":200,"url":"/api/workspace/roofer21"}
{"timestamp":"2025-08-26T19:00:00.240Z","level":"INFO","message":"Workspace 'roofer21' initialized"}
{"timestamp":"2025-08-26T19:00:00.241Z","level":"INFO","message":"Voice commands initialized for multiple languages"}
{"timestamp":"2025-08-26T19:00:00.249Z","level":"INFO","message":"Integration services initialized successfully"}
{"timestamp":"2025-08-26T19:00:00.266Z","level":"INFO","message":"Cultural adaptations initialized"}
{"timestamp":"2025-08-26T19:00:00.335Z","level":"ERROR","message":"❌ Failed to initialize Real Roofing Damage Analysis:"}
{"timestamp":"2025-08-26T19:00:33.671Z","level":"INFO","message":"Company context setup completed","departments":8,"terminology":9,"escalationContacts":4}
{"timestamp":"2025-08-26T19:00:33.672Z","level":"INFO","message":"Webhook handlers setup completed"}
{"timestamp":"2025-08-26T19:00:33.672Z","level":"INFO","message":"Sync schedules started"}
{"timestamp":"2025-08-26T19:00:33.672Z","level":"INFO","message":"Knowledge processing services initialized successfully"}
{"timestamp":"2025-08-26T19:00:33.822Z","level":"INFO","message":"🎬 Initializing Video Generation Service..."}
{"timestamp":"2025-08-26T19:00:33.822Z","level":"INFO","message":"📋 Loaded 4 video templates"}
{"timestamp":"2025-08-26T19:00:33.823Z","level":"INFO","message":"AnythingLLM Service initialized","baseUrl":"http://localhost:3001","workspace":"susan-ai","autoSync":false}
{"timestamp":"2025-08-26T19:00:33.823Z","level":"INFO","message":"AnythingLLM API services initialized successfully"}
{"timestamp":"2025-08-26T19:00:33.824Z","level":"INFO","message":"🎥 FFmpeg initialized successfully"}
{"timestamp":"2025-08-26T19:00:33.825Z","level":"DEBUG","message":"AnythingLLM Request","method":"GET","url":"/api/workspace/susan-ai"}
{"timestamp":"2025-08-26T19:00:33.852Z","level":"INFO","message":"🔤 Fonts registered for video generation"}
{"timestamp":"2025-08-26T19:00:33.858Z","level":"INFO","message":"✅ Video Generation Service initialized successfully"}
{"timestamp":"2025-08-26T19:00:33.869Z","level":"INFO","message":"AnythingLLM Service initialized","baseUrl":"http://localhost:3001","workspace":"roofer21","autoSync":true}
{"timestamp":"2025-08-26T19:00:33.870Z","level":"DEBUG","message":"AnythingLLM Request","method":"GET","url":"/api/workspace/roofer21"}
{"timestamp":"2025-08-26T19:00:33.871Z","level":"DEBUG","message":"AnythingLLM Request","method":"GET","url":"/api/workspaces"}
{"timestamp":"2025-08-26T19:00:33.888Z","level":"INFO","message":"Loaded existing vector memory","entriesLoaded":0}
{"timestamp":"2025-08-26T19:00:33.889Z","level":"INFO","message":"Existing knowledge loaded","documentsLoaded":0,"topicClusters":0,"terminology":9}
{"timestamp":"2025-08-26T19:00:33.889Z","level":"INFO","message":"Loaded existing RBAC data","roles":0,"permissions":0}
{"timestamp":"2025-08-26T19:00:33.890Z","level":"INFO","message":"Loaded existing RBAC data","roles":0,"permissions":0}
{"timestamp":"2025-08-26T19:00:33.890Z","level":"INFO","message":"Loaded existing RBAC data","roles":0,"permissions":0}
{"timestamp":"2025-08-26T19:00:33.891Z","level":"INFO","message":"Plugin system initialized","pluginsLoaded":0,"sandboxDirectory":"/Users/a21/Desktop/Susan-AI-Enhanced-JARVIS-Edition-Final/sandboxes"}
{"timestamp":"2025-08-26T19:00:33.891Z","level":"INFO","message":"Spanish language pack initialized successfully"}
{"timestamp":"2025-08-26T19:00:33.895Z","level":"DEBUG","message":"AnythingLLM Response","status":200,"url":"/api/workspaces"}
{"timestamp":"2025-08-26T19:00:33.895Z","level":"INFO","message":"AnythingLLM connection successful","workspaceCount":3}
{"timestamp":"2025-08-26T19:00:33.895Z","level":"INFO","message":"Auto sync started","interval":300000}
{"timestamp":"2025-08-26T19:00:33.896Z","level":"DEBUG","message":"AnythingLLM Response","status":200,"url":"/api/workspace/susan-ai"}
{"timestamp":"2025-08-26T19:00:33.896Z","level":"INFO","message":"Workspace 'susan-ai' initialized"}
{"timestamp":"2025-08-26T19:00:33.896Z","level":"INFO","message":"Quality monitoring started"}
{"timestamp":"2025-08-26T19:00:33.896Z","level":"INFO","message":"Employee profiles loaded","profilesLoaded":0}
{"timestamp":"2025-08-26T19:00:33.896Z","level":"INFO","message":"Historical quality data loaded"}
{"timestamp":"2025-08-26T19:00:33.896Z","level":"WARN","message":"Google Translate API key not configured. Translation features will use fallback methods."}
{"timestamp":"2025-08-26T19:00:33.897Z","level":"INFO","message":"Loading language data for: es"}
{"timestamp":"2025-08-26T19:00:33.897Z","level":"INFO","message":"MultiLanguageService initialized successfully"}
{"timestamp":"2025-08-26T19:00:33.898Z","level":"DEBUG","message":"AnythingLLM Response","status":200,"url":"/api/workspace/roofer21"}
{"timestamp":"2025-08-26T19:00:33.898Z","level":"INFO","message":"Workspace 'roofer21' initialized"}
{"timestamp":"2025-08-26T19:00:33.984Z","level":"INFO","message":"Voice commands initialized for multiple languages"}
{"timestamp":"2025-08-26T19:00:33.992Z","level":"INFO","message":"Integration services initialized successfully"}
{"timestamp":"2025-08-26T19:00:33.992Z","level":"INFO","message":"Cultural adaptations initialized"}
{"timestamp":"2025-08-26T19:00:34.100Z","level":"INFO","message":"Loaded existing enterprise data","organizations":3,"teams":0,"users":5}
{"timestamp":"2025-08-26T19:00:34.615Z","level":"INFO","message":"Training modules initialized successfully","categoriesCount":6,"totalModules":48}
{"timestamp":"2025-08-26T19:00:35.921Z","level":"DEBUG","message":"AnythingLLM Request","method":"POST","url":"/api/v1/workspace/roofer21/chat","data":"[DATA]"}
{"timestamp":"2025-08-26T19:00:50.680Z","level":"DEBUG","message":"AnythingLLM Response","status":200,"url":"/api/v1/workspace/roofer21/chat"}
{"timestamp":"2025-08-26T19:00:50.681Z","level":"INFO","message":"Document stored in AnythingLLM","documentId":"53fa9016-885e-47a0-9e6e-d08bb0fe3bf8","workspace":"roofer21","contentLength":302}
{"timestamp":"2025-08-26T19:00:50.683Z","level":"DEBUG","message":"AnythingLLM Request","method":"POST","url":"/api/v1/workspace/roofer21/chat","data":"[DATA]"}
{"timestamp":"2025-08-26T19:01:01.984Z","level":"DEBUG","message":"AnythingLLM Response","status":200,"url":"/api/v1/workspace/roofer21/chat"}
{"timestamp":"2025-08-26T19:01:01.984Z","level":"INFO","message":"Document stored in AnythingLLM","documentId":"f1607827-9151-4503-b27d-78a05532a32b","workspace":"roofer21","contentLength":220}
{"timestamp":"2025-08-26T19:01:01.985Z","level":"DEBUG","message":"AnythingLLM Request","method":"POST","url":"/api/v1/workspace/roofer21/chat","data":"[DATA]"}
{"timestamp":"2025-08-26T19:01:17.455Z","level":"DEBUG","message":"AnythingLLM Response","status":200,"url":"/api/v1/workspace/roofer21/chat"}
{"timestamp":"2025-08-26T19:01:17.455Z","level":"INFO","message":"Document stored in AnythingLLM","documentId":"bdf291fe-91cb-42db-a05c-7322e8269041","workspace":"roofer21","contentLength":544}
{"timestamp":"2025-08-26T19:01:17.456Z","level":"DEBUG","message":"AnythingLLM Request","method":"POST","url":"/api/v1/workspace/roofer21/chat","data":"[DATA]"}
{"timestamp":"2025-08-26T19:01:34.181Z","level":"DEBUG","message":"AnythingLLM Response","status":200,"url":"/api/v1/workspace/roofer21/chat"}
{"timestamp":"2025-08-26T19:01:34.182Z","level":"INFO","message":"Document stored in AnythingLLM","documentId":"5f6e5fc4-8776-4dbd-978d-771ec5a25ba3","workspace":"roofer21","contentLength":578}
{"timestamp":"2025-08-26T19:01:34.183Z","level":"DEBUG","message":"AnythingLLM Request","method":"POST","url":"/api/v1/workspace/roofer21/chat","data":"[DATA]"}
{"timestamp":"2025-08-26T19:01:52.851Z","level":"DEBUG","message":"AnythingLLM Response","status":200,"url":"/api/v1/workspace/roofer21/chat"}
{"timestamp":"2025-08-26T19:01:52.852Z","level":"INFO","message":"Document stored in AnythingLLM","documentId":"65988f37-4a8b-48a5-8818-4117d528f997","workspace":"roofer21","contentLength":212}
{"timestamp":"2025-08-26T19:01:52.853Z","level":"DEBUG","message":"AnythingLLM Request","method":"POST","url":"/api/v1/workspace/roofer21/chat","data":"[DATA]"}
{"timestamp":"2025-08-26T19:02:19.296Z","level":"DEBUG","message":"AnythingLLM Response","status":200,"url":"/api/v1/workspace/roofer21/chat"}
{"timestamp":"2025-08-26T19:02:19.297Z","level":"INFO","message":"Document stored in AnythingLLM","documentId":"83af86c5-a6d7-4b47-b726-0804c6e9b95b","workspace":"roofer21","contentLength":1349}
{"timestamp":"2025-08-26T19:02:19.298Z","level":"DEBUG","message":"AnythingLLM Request","method":"POST","url":"/api/v1/workspace/roofer21/chat","data":"[DATA]"}
{"timestamp":"2025-08-26T19:02:49.302Z","level":"ERROR","message":"timeout of 30000ms exceeded","url":"/api/v1/workspace/roofer21/chat"}
{"timestamp":"2025-08-26T19:02:49.304Z","level":"ERROR","message":"Failed to store document","name":"ApiError","statusCode":500,"details":null,"isOperational":true}
{"timestamp":"2025-08-26T19:02:49.305Z","level":"ERROR","message":"Failed to store conversation","name":"ApiError","statusCode":500,"details":null,"isOperational":true}
{"timestamp":"2025-08-26T19:05:33.898Z","level":"INFO","message":"Starting memory sync with AnythingLLM"}
{"timestamp":"2025-08-26T19:05:33.901Z","level":"ERROR","message":"Failed to sync memory"}
{"timestamp":"2025-08-26T19:05:33.903Z","level":"ERROR","message":"Auto sync failed","name":"ApiError","statusCode":500,"details":null,"isOperational":true}
{"timestamp":"2025-08-26T19:10:33.901Z","level":"INFO","message":"Starting memory sync with AnythingLLM"}
{"timestamp":"2025-08-26T19:10:33.903Z","level":"ERROR","message":"Failed to sync memory"}
{"timestamp":"2025-08-26T19:10:33.904Z","level":"ERROR","message":"Auto sync failed","name":"ApiError","statusCode":500,"details":null,"isOperational":true}
{"timestamp":"2025-08-26T19:15:33.902Z","level":"INFO","message":"Starting memory sync with AnythingLLM"}
{"timestamp":"2025-08-26T19:15:33.904Z","level":"ERROR","message":"Failed to sync memory"}
{"timestamp":"2025-08-26T19:15:33.904Z","level":"ERROR","message":"Auto sync failed","name":"ApiError","statusCode":500,"details":null,"isOperational":true}
{"timestamp":"2025-08-26T19:20:33.869Z","level":"INFO","message":"Starting memory sync with AnythingLLM"}
{"timestamp":"2025-08-26T19:20:33.872Z","level":"ERROR","message":"Failed to sync memory"}
{"timestamp":"2025-08-26T19:20:33.873Z","level":"ERROR","message":"Auto sync failed","name":"ApiError","statusCode":500,"details":null,"isOperational":true}
{"timestamp":"2025-08-26T19:25:33.866Z","level":"INFO","message":"Starting memory sync with AnythingLLM"}
{"timestamp":"2025-08-26T19:25:33.867Z","level":"ERROR","message":"Failed to sync memory"}
{"timestamp":"2025-08-26T19:25:33.868Z","level":"ERROR","message":"Auto sync failed","name":"ApiError","statusCode":500,"details":null,"isOperational":true}
{"timestamp":"2025-08-26T19:30:33.862Z","level":"INFO","message":"Starting memory sync with AnythingLLM"}
{"timestamp":"2025-08-26T19:30:33.863Z","level":"ERROR","message":"Failed to sync memory"}
{"timestamp":"2025-08-26T19:30:33.863Z","level":"ERROR","message":"Auto sync failed","name":"ApiError","statusCode":500,"details":null,"isOperational":true}
{"timestamp":"2025-08-26T19:35:33.858Z","level":"INFO","message":"Starting memory sync with AnythingLLM"}
{"timestamp":"2025-08-26T19:35:33.860Z","level":"ERROR","message":"Failed to sync memory"}
{"timestamp":"2025-08-26T19:35:33.861Z","level":"ERROR","message":"Auto sync failed","name":"ApiError","statusCode":500,"details":null,"isOperational":true}
{"timestamp":"2025-08-26T19:40:33.856Z","level":"INFO","message":"Starting memory sync with AnythingLLM"}
{"timestamp":"2025-08-26T19:40:33.857Z","level":"ERROR","message":"Failed to sync memory"}
{"timestamp":"2025-08-26T19:40:33.858Z","level":"ERROR","message":"Auto sync failed","name":"ApiError","statusCode":500,"details":null,"isOperational":true}
{"timestamp":"2025-08-26T19:45:33.852Z","level":"INFO","message":"Starting memory sync with AnythingLLM"}
{"timestamp":"2025-08-26T19:45:33.856Z","level":"ERROR","message":"Failed to sync memory"}
{"timestamp":"2025-08-26T19:45:33.858Z","level":"ERROR","message":"Auto sync failed","name":"ApiError","statusCode":500,"details":null,"isOperational":true}
